[somshubhraroy165.wixsite.com/somshubhra-roy-portf.html]
[static.parastorage.com/unpkg/core-js-bundle@3.2.1/minified.js]
[static.parastorage.com/unpkg/focus-within-polyfill@5.0.9/dist/focus-within-polyfill.js]
[polyfill.io/v3/polyfill.mind82c.js]
[browser.sentry-cdn.com/6.18.2/bundle.min.js]
[somshubhraroy165.wixsite.com/decodeURIComponent(e]
[backblue.gif]
[fade.gif]
[index.html]
[somshubhraroy165.wixsite.com/sitemap.xml]
[somshubhraroy165.wixsite.com/feed.xml]
[somshubhraroy165.wixsite.com/${n.uri}]
[somshubhraroy165.wixsite.com/index.html]
[somshubhraroy165.wixsite.com/somshubhra-roy-portf/blog-feed.xml]
[static.wixstatic.com/media/91919f_14af244c11f741928f725b08f697277f_mv2.png/v1/fill/w_51,h_51,al_c,q_85,usm_0.66_1.00_0.01,enc_auto/91919f_14af244c11f741928f725b08f697277f_mv2.png]
[static.wixstatic.com/media/91919f_dd9e56992786419c9ada9d8efdb1c219_mv2.jpg/v1/fill/w_34,h_32,al_c,q_80,usm_0.66_1.00_0.01,enc_auto/linkedin_edited.jpg]
[static.wixstatic.com/media/91919f_666e4e754dbf4de79b28d00a702ee94a_mv2.gif]
[static.wixstatic.com/media/91919f_a47d259865cd45e9bb6f909fbe08b32d_mv2.jpg/v1/fill/w_289,h_288,al_c,q_80,usm_0.66_1.00_0.01,enc_auto/312268277_6262581933774647_227017899942157766_n.jpg]
[static.wixstatic.com/media/91919f_2106feced8764ccb80e9388c97989fe9_mv2.png/v1/fill/w_67,h_48,al_c,q_85,usm_0.66_1.00_0.01,blur_2,enc_auto/latent information (1).jpg]
[static.wixstatic.com/media/91919f_f9b4f9cc650448b9821a0e74413edb33_mv2.png/v1/fill/w_73,h_36,al_c,q_85,usm_0.66_1.00_0.01,blur_2,enc_auto/91919f_f9b4f9cc650448b9821a0e74413edb33_mv2.png]
[static.wixstatic.com/media/91919f_0d76719fa2934ab5a0e09954cf77f5ce_mv2.png/v1/fill/w_100,h_54,al_c,q_85,usm_0.66_1.00_0.01,blur_2,enc_auto/vae.png]
[static.wixstatic.com/media/91919f_5b0937066bf3425ca1fb04923b03bb6d_mv2.png/v1/fill/w_74,h_43,al_c,q_85,usm_0.66_1.00_0.01,blur_2,enc_auto/WAVRESNET.png]
[static.wixstatic.com/media/91919f_546441bcdf734f8f90b28d947d413a05_mv2.png/v1/fill/w_77,h_58,al_c,q_85,usm_0.66_1.00_0.01,blur_2,enc_auto/NF.png]
[static.wixstatic.com/media/91919f_c646e7106acb4e69a97c5cd5e7bbc164_mv2.png/v1/fill/w_79,h_30,al_c,q_85,usm_0.66_1.00_0.01,blur_2,enc_auto/91919f_c646e7106acb4e69a97c5cd5e7bbc164_mv2.png]
[static.parastorage.com/services/wix-thunderbolt/dist/createPlatformWorker.inline.76bd41df.bundle.min.js]
[static.parastorage.com/services/wix-thunderbolt/dist/thunderbolt-commons.6e814bc1.bundle.min.js]
[static.parastorage.com/services/wix-thunderbolt/dist/main.25ba3d89.bundle.min.js]
[static.parastorage.com/unpkg/lodash@4.17.21/lodash.min.js]
[static.parastorage.com/unpkg/react@16.14.0/umd/react.production.min.js]
[static.parastorage.com/unpkg/react-dom@16.14.0/umd/react-dom.production.min.js]
[static.parastorage.com/services/tag-manager-client/1.705.0/siteTags.bundle.min.js]
[somshubhraroy165.wixsite.com/somshubhra-roy-portf.html]
[somshubhraroy165.wixsite.com/decodeURIComponent(e.html]
[somshubhraroy165.wixsite.com/sitemap.html]
[somshubhraroy165.wixsite.com/feed.html]
[somshubhraroy165.wixsite.com/index.html]
[somshubhraroy165.wixsite.com/${n.html]
[static.parastorage.com/services/wix-perf-measure/1.1058.0/wix-perf-measure.umd.min.js]
